exports[`SkipassGridList should renders correctly 1`] = `
<section
  className="skipasess__container">
  <article
    className="skipass-card md-shadow--2dp md-shadow--animated md-shadow--2dp-interactive skipass-card--zero-balance">
    <header
      className="skipass-card__header">
      <h5
        className="skipass-card__title">
        <a
          className="skipass-card__link"
          href="/skipasses/01-2167-30-92545"
          onClick={[Function]}
          style={Object {}}>
          5 днів СЕЗОН (ВСЕF)
        </a>
      </h5>
      <button
        className="skipass-card__close-button"
        disabled={false}
        href={undefined}
        onBlur={[Function]}
        onClick={[Function]}
        onFocus={[Function]}
        onKeyDown={[Function]}
        onKeyUp={[Function]}
        onMouseEnter={[Function]}
        onMouseLeave={[Function]}
        onTouchStart={[Function]}
        onTouchTap={[Function]}
        style={
          Object {
            "WebkitTapHighlightColor": "rgba(0, 0, 0, 0)",
            "backgroundColor": "rgba(0, 0, 0, 0)",
            "border": 10,
            "borderRadius": 2,
            "boxSizing": "border-box",
            "color": "rgba(0, 0, 0, 0.87)",
            "cursor": "pointer",
            "display": "inline-block",
            "fontFamily": "Roboto, sans-serif",
            "fontSize": "inherit",
            "fontWeight": "inherit",
            "height": 36,
            "lineHeight": "36px",
            "margin": 0,
            "minWidth": 88,
            "muiPrepared": true,
            "outline": "none",
            "overflow": "hidden",
            "padding": 0,
            "position": "relative",
            "textAlign": "center",
            "textDecoration": "none",
            "transition": "all 450ms cubic-bezier(0.23, 1, 0.32, 1) 0ms",
            "userSelect": "none",
            "verticalAlign": null,
            "zIndex": 1,
          }
        }
        tabIndex={0}
        type="button">
        <div
          onMouseDown={[Function]}
          onMouseLeave={[Function]}
          onMouseUp={[Function]}
          onTouchEnd={[Function]}
          onTouchStart={[Function]}>
          <svg
            onMouseEnter={[Function]}
            onMouseLeave={[Function]}
            style={
              Object {
                "color": "rgba(255, 255, 255, 1)",
                "display": "inline-block",
                "fill": "rgba(255, 255, 255, 1)",
                "height": 24,
                "marginLeft": 0,
                "marginRight": 0,
                "muiPrepared": true,
                "transition": "all 450ms cubic-bezier(0.23, 1, 0.32, 1) 0ms",
                "userSelect": "none",
                "verticalAlign": "middle",
                "width": 24,
              }
            }
            viewBox="0 0 24 24">
            <path
              d="M19 6.41L17.59 5 12 10.59 6.41 5 5 6.41 10.59 12 5 17.59 6.41 19 12 13.41 17.59 19 19 17.59 13.41 12z" />
          </svg>
        </div>
      </button>
    </header>
    <a
      className="skipass-card__link skipass-card__main-container"
      href="/skipasses/01-2167-30-92545"
      onClick={[Function]}
      style={Object {}}>
      <h5
        className="skipass-card__card-number">
        01-2167-30-92545
      </h5>
      <section
        className="skipass-card__info-container">
        <time
          className="skipass-card__purchase-date"
          dateTime={2015-03-09T00:00:00.000Z}>
          2015-03-09T00:00:00.000Z
        </time>
      </section>
      <section
        className="skipass-card__balance-container">
        <h5
          className="skipass-card__balance-title">
          Balance
        </h5>
        <span
          className="skipass-card__balance">
          0
        </span>
      </section>
    </a>
  </article>
  <article
    className="skipass-card md-shadow--2dp md-shadow--animated md-shadow--2dp-interactive skipass-card--zero-balance">
    <header
      className="skipass-card__header">
      <h5
        className="skipass-card__title">
        <a
          className="skipass-card__link"
          href="/skipasses/26-2167-19-35623"
          onClick={[Function]}
          style={Object {}}>
          1 День (ДОР)
        </a>
      </h5>
      <button
        className="skipass-card__close-button"
        disabled={false}
        href={undefined}
        onBlur={[Function]}
        onClick={[Function]}
        onFocus={[Function]}
        onKeyDown={[Function]}
        onKeyUp={[Function]}
        onMouseEnter={[Function]}
        onMouseLeave={[Function]}
        onTouchStart={[Function]}
        onTouchTap={[Function]}
        style={
          Object {
            "WebkitTapHighlightColor": "rgba(0, 0, 0, 0)",
            "backgroundColor": "rgba(0, 0, 0, 0)",
            "border": 10,
            "borderRadius": 2,
            "boxSizing": "border-box",
            "color": "rgba(0, 0, 0, 0.87)",
            "cursor": "pointer",
            "display": "inline-block",
            "fontFamily": "Roboto, sans-serif",
            "fontSize": "inherit",
            "fontWeight": "inherit",
            "height": 36,
            "lineHeight": "36px",
            "margin": 0,
            "minWidth": 88,
            "muiPrepared": true,
            "outline": "none",
            "overflow": "hidden",
            "padding": 0,
            "position": "relative",
            "textAlign": "center",
            "textDecoration": "none",
            "transition": "all 450ms cubic-bezier(0.23, 1, 0.32, 1) 0ms",
            "userSelect": "none",
            "verticalAlign": null,
            "zIndex": 1,
          }
        }
        tabIndex={0}
        type="button">
        <div
          onMouseDown={[Function]}
          onMouseLeave={[Function]}
          onMouseUp={[Function]}
          onTouchEnd={[Function]}
          onTouchStart={[Function]}>
          <svg
            onMouseEnter={[Function]}
            onMouseLeave={[Function]}
            style={
              Object {
                "color": "rgba(255, 255, 255, 1)",
                "display": "inline-block",
                "fill": "rgba(255, 255, 255, 1)",
                "height": 24,
                "marginLeft": 0,
                "marginRight": 0,
                "muiPrepared": true,
                "transition": "all 450ms cubic-bezier(0.23, 1, 0.32, 1) 0ms",
                "userSelect": "none",
                "verticalAlign": "middle",
                "width": 24,
              }
            }
            viewBox="0 0 24 24">
            <path
              d="M19 6.41L17.59 5 12 10.59 6.41 5 5 6.41 10.59 12 5 17.59 6.41 19 12 13.41 17.59 19 19 17.59 13.41 12z" />
          </svg>
        </div>
      </button>
    </header>
    <a
      className="skipass-card__link skipass-card__main-container"
      href="/skipasses/26-2167-19-35623"
      onClick={[Function]}
      style={Object {}}>
      <h5
        className="skipass-card__card-number">
        26-2167-19-35623
      </h5>
      <section
        className="skipass-card__info-container">
        <time
          className="skipass-card__purchase-date"
          dateTime={2011-01-30T00:00:00.000Z}>
          2011-01-30T00:00:00.000Z
        </time>
      </section>
      <section
        className="skipass-card__balance-container">
        <h5
          className="skipass-card__balance-title">
          Balance
        </h5>
        <span
          className="skipass-card__balance">
          0
        </span>
      </section>
    </a>
  </article>
</section>
`;
