exports[`About should renders correctly 1`] = `
<article
  className="about__container">
  <div
    style={
      Object {
        "muiPrepared": true,
        "padding": "8px 0px 8px 0px",
      }
    }>
    <div>
      <span
        disabled={undefined}
        href={undefined}
        onBlur={[Function]}
        onClick={[Function]}
        onFocus={[Function]}
        onKeyDown={[Function]}
        onKeyUp={[Function]}
        onMouseDown={[Function]}
        onMouseEnter={[Function]}
        onMouseLeave={[Function]}
        onMouseUp={[Function]}
        onTouchEnd={[Function]}
        onTouchStart={[Function]}
        onTouchTap={[Function]}
        open={null}
        style={
          Object {
            "WebkitTapHighlightColor": "rgba(0, 0, 0, 0)",
            "background": "none",
            "backgroundColor": null,
            "border": 10,
            "boxSizing": "border-box",
            "color": "rgba(0, 0, 0, 0.87)",
            "cursor": "pointer",
            "display": "block",
            "fontFamily": "Roboto, sans-serif",
            "fontSize": 16,
            "fontWeight": "inherit",
            "lineHeight": "16px",
            "margin": 0,
            "muiPrepared": true,
            "outline": "none",
            "padding": 0,
            "position": "relative",
            "textDecoration": "none",
            "transform": "translate(0, 0)",
            "transition": "all 450ms cubic-bezier(0.23, 1, 0.32, 1) 0ms",
            "verticalAlign": null,
          }
        }
        tabIndex={0}>
        <div
          onMouseDown={[Function]}
          onMouseLeave={[Function]}
          onMouseUp={[Function]}
          onTouchEnd={[Function]}
          onTouchStart={[Function]}>
          <div
            style={
              Object {
                "marginLeft": 0,
                "muiPrepared": true,
                "paddingBottom": 16,
                "paddingLeft": 16,
                "paddingRight": 16,
                "paddingTop": 16,
                "position": "relative",
              }
            }>
            <div
              style={
                Object {
                  "muiPrepared": true,
                }
              }>
              Version
            </div>
          </div>
        </div>
      </span>
    </div>
    <hr
      style={
        Object {
          "backgroundColor": "#e0e0e0",
          "border": "none",
          "height": 1,
          "margin": 0,
          "marginLeft": 0,
          "marginTop": -1,
          "muiPrepared": true,
        }
      } />
  </div>
</article>
`;
